[backblue.gif]
[fade.gif]
[index.html]
[html.iwthemes.com/chester/img/logo.png]
[html.iwthemes.com/chester/img/slide/1.png]
[html.iwthemes.com/chester/img/slide/2.png]
[html.iwthemes.com/chester/img/sponsors/1.png]
[html.iwthemes.com/chester/img/sponsors/2.png]
[html.iwthemes.com/chester/img/sponsors/3.png]
[html.iwthemes.com/chester/img/sponsors/4.png]
[html.iwthemes.com/chester/img/sponsors/5.png]
[html.iwthemes.com/chester/img/icons/1.png]
[html.iwthemes.com/chester/img/icons/2.png]
[html.iwthemes.com/chester/img/icons/3.png]
[html.iwthemes.com/chester/img/icons/4.png]
[html.iwthemes.com/chester/img/icons/windows.png]
[html.iwthemes.com/chester/img/icons/mac.png]
[html.iwthemes.com/chester/img/icons/linux.png]
[html.iwthemes.com/chester/img/icons/mobile.png]
[html.iwthemes.com/chester/img/mobile.png]
[html.iwthemes.com/chester/img/about_footer.jpg]
[html.iwthemes.com/chester/js/jquery-1.8.3.min.js]
[ajax.googleapis.com/ajax/libs/jqueryui/1.7.1/jquery-ui.min.js]
[html.iwthemes.com/chester/js/nav/tinynav.js]
[html.iwthemes.com/chester/js/nav/superfish.js]
[html.iwthemes.com/chester/js/slide/camera.js]
[html.iwthemes.com/chester/js/totop/jquery.ui.totop.js]
[html.iwthemes.com/chester/js/fancybox/jquery.fancybox-1.3.1.js]
[html.iwthemes.com/chester/js/theme-options/theme-options.js]
[html.iwthemes.com/chester/js/theme-options/jquery.cookies.js]
[html.iwthemes.com/chester/js/carousel/carousel.js]
[html.iwthemes.com/chester/js/twitter/jquery.tweet.js]
[html.iwthemes.com/chester/js/bootstrap/bootstrap.js]
[html.iwthemes.com/chester/js/jquery-func.js]
[html.iwthemes.com/chester/index.html]
[html.iwthemes.com/chester/img/arrow_left.png]
[html.iwthemes.com/chester/img/arrow_leftb.png]
[html.iwthemes.com/chester/img/arrow_right.png]
[html.iwthemes.com/chester/img/arrow_rightb.png]
[html.iwthemes.com/chester/img/arrow_tabs.png]
[html.iwthemes.com/chester/img/arrow_testimonials.png]
[html.iwthemes.com/chester/img/arrow_team_gray.png]
[html.iwthemes.com/chester/img/arrow_team_white.png]
[html.iwthemes.com/chester/img/arrow_table_blak.png]
[html.iwthemes.com/chester/img/arrow_table_white.png]
[html.iwthemes.com/chester/img/ui.totop.png]
[html.iwthemes.com/chester/css/style.css]
[html.iwthemes.com/chester/img/icons/favicon.html]
[html.iwthemes.com/chester/img/icons/apple-touch-icon.html]
[html.iwthemes.com/chester/img/icons/apple-touch-icon-72x72.html]
[html.iwthemes.com/chester/img/icons/apple-touch-icon-114x114.html]
[html.iwthemes.com/chester/index0e99.html]
[html.iwthemes.com/chester/indexca00.html]
[html.iwthemes.com/chester/index2746.html]
[html.iwthemes.com/chester/indexaf91.html]
[html.iwthemes.com/chester/indexceb0.html]
[html.iwthemes.com/chester/index938c.html]
[html.iwthemes.com/chester/indexa820.html]
[html.iwthemes.com/chester/index6788.html]
[html.iwthemes.com/chester/index-2.html]
[html.iwthemes.com/chester/img/section_title/1.png]
[html.iwthemes.com/chester/img/office.jpg]
[html.iwthemes.com/chester/img/team/1.jpg]
[html.iwthemes.com/chester/img/team/2.jpg]
[html.iwthemes.com/chester/img/team/3.jpg]
[html.iwthemes.com/chester/img/team/4.jpg]
[html.iwthemes.com/chester/about.html]
[html.iwthemes.com/chester/img/section_title/2.png]
[html.iwthemes.com/chester/windows_version.html]
[html.iwthemes.com/chester/mac_version.html]
[html.iwthemes.com/chester/linux_version.html]
[html.iwthemes.com/chester/mobile_version.html]
[html.iwthemes.com/chester/img/portfolio/1.jpg]
[html.iwthemes.com/chester/img/portfolio/2.jpg]
[html.iwthemes.com/chester/img/portfolio/3.jpg]
[html.iwthemes.com/chester/img/portfolio/4.jpg]
[html.iwthemes.com/chester/img/portfolio/5.png]
[html.iwthemes.com/chester/img/portfolio/6.png]
[html.iwthemes.com/chester/js/filters/filters.js]
[html.iwthemes.com/chester/portfolio.html]
[html.iwthemes.com/chester/single_project.html]
[html.iwthemes.com/chester/img/section_title/3.png]
[html.iwthemes.com/chester/img/blog/2.jpg]
[html.iwthemes.com/chester/img/icons/category-photo.png]
[html.iwthemes.com/chester/img/blog/3.jpg]
[html.iwthemes.com/chester/img/icons/category-video.png]
[html.iwthemes.com/chester/img/blog/1.jpg]
[html.iwthemes.com/chester/blog.html]
[html.iwthemes.com/chester/single_post.html]
[html.iwthemes.com/chester/promotions.html]
[html.iwthemes.com/chester/img/section_title/4.png]
[html.iwthemes.com/chester/contact.html]
[html.iwthemes.com/chester/img/glyphicons-halflings.png]
[html.iwthemes.com/chester/css/bootstrap/bootstrap.css]
[html.iwthemes.com/chester/css/bootstrap/bootstrap-responsive.css]
[html.iwthemes.com/chester/js/fancybox/fancybox.png]
[html.iwthemes.com/chester/js/fancybox/fancy_title_over.png]
[html.iwthemes.com/chester/js/fancybox/fancybox-x.png]
[html.iwthemes.com/chester/js/fancybox/blank.gif]
[html.iwthemes.com/chester/js/fancybox/fancybox-y.png]
[html.iwthemes.com/chester/js/fancybox/jquery.fancybox-1.3.1.css]
[html.iwthemes.com/chester/img/slide/blank.gif]
[html.iwthemes.com/chester/img/slide/camera-loader.gif]
[html.iwthemes.com/chester/img/slide/camera_skins.png]
[html.iwthemes.com/chester/css/slide/camera.css]
[html.iwthemes.com/chester/css/font/fontawesome-webfontf77b.eot]
[html.iwthemes.com/chester/css/font/fontawesome-webfontd41d.eot]
[html.iwthemes.com/chester/css/font/fontawesome-webfontf77b.woff]
[html.iwthemes.com/chester/css/font/fontawesome-webfontf77b.ttf]
[html.iwthemes.com/chester/css/icons/font-awesome.min.css]
[html.iwthemes.com/chester/css/animations/animate.css]
[html.iwthemes.com/chester/css/carousel/carousel.css]
[html.iwthemes.com/chester/img/bg-theme/1.png]
[html.iwthemes.com/chester/img/bg-theme/2.png]
[html.iwthemes.com/chester/img/bg-theme/3.png]
[html.iwthemes.com/chester/img/bg-theme/4.png]
[html.iwthemes.com/chester/img/bg-theme/5.png]
[html.iwthemes.com/chester/img/bg-theme/6.png]
[html.iwthemes.com/chester/img/bg-theme/7.png]
[html.iwthemes.com/chester/img/bg-theme/8.png]
[html.iwthemes.com/chester/img/bg-theme/9.png]
[html.iwthemes.com/chester/img/bg-theme/10.png]
[html.iwthemes.com/chester/img/bg-theme/11.png]
[html.iwthemes.com/chester/css/skins/theme-options.css]
[html.iwthemes.com/chester/index0e99-2.html]
[html.iwthemes.com/chester/indexca00-2.html]
[html.iwthemes.com/chester/index2746-2.html]
[html.iwthemes.com/chester/indexaf91-2.html]
[html.iwthemes.com/chester/indexceb0-2.html]
[html.iwthemes.com/chester/index938c-2.html]
[html.iwthemes.com/chester/indexa820-2.html]
[html.iwthemes.com/chester/index6788-2.html]
[html.iwthemes.com/chester/about0e99.html]
[html.iwthemes.com/chester/aboutca00.html]
[html.iwthemes.com/chester/about2746.html]
[html.iwthemes.com/chester/aboutaf91.html]
[html.iwthemes.com/chester/aboutceb0.html]
[html.iwthemes.com/chester/about938c.html]
[html.iwthemes.com/chester/abouta820.html]
[html.iwthemes.com/chester/about6788.html]
[html.iwthemes.com/chester/windows_version0e99.html]
[html.iwthemes.com/chester/windows_versionca00.html]
[html.iwthemes.com/chester/windows_version2746.html]
[html.iwthemes.com/chester/windows_versionaf91.html]
[html.iwthemes.com/chester/windows_versionceb0.html]
[html.iwthemes.com/chester/windows_version938c.html]
[html.iwthemes.com/chester/windows_versiona820.html]
[html.iwthemes.com/chester/windows_version6788.html]
[html.iwthemes.com/chester/mac_version0e99.html]
[html.iwthemes.com/chester/mac_versionca00.html]
[html.iwthemes.com/chester/mac_version2746.html]
[html.iwthemes.com/chester/mac_versionaf91.html]
[html.iwthemes.com/chester/mac_versionceb0.html]
[html.iwthemes.com/chester/mac_version938c.html]
[html.iwthemes.com/chester/mac_versiona820.html]
[html.iwthemes.com/chester/mac_version6788.html]
[html.iwthemes.com/chester/linux_version0e99.html]
[html.iwthemes.com/chester/linux_versionca00.html]
[html.iwthemes.com/chester/linux_version2746.html]
[html.iwthemes.com/chester/linux_versionaf91.html]
[html.iwthemes.com/chester/linux_versionceb0.html]
[html.iwthemes.com/chester/linux_version938c.html]
[html.iwthemes.com/chester/linux_versiona820.html]
[html.iwthemes.com/chester/linux_version6788.html]
[html.iwthemes.com/chester/mobile_version0e99.html]
[html.iwthemes.com/chester/mobile_versionca00.html]
[html.iwthemes.com/chester/mobile_version2746.html]
[html.iwthemes.com/chester/mobile_versionaf91.html]
[html.iwthemes.com/chester/mobile_versionceb0.html]
[html.iwthemes.com/chester/mobile_version938c.html]
[html.iwthemes.com/chester/mobile_versiona820.html]
[html.iwthemes.com/chester/mobile_version6788.html]
[html.iwthemes.com/chester/portfolio0e99.html]
[html.iwthemes.com/chester/portfolioca00.html]
[html.iwthemes.com/chester/portfolio2746.html]
[html.iwthemes.com/chester/portfolioaf91.html]
[html.iwthemes.com/chester/portfolioceb0.html]
[html.iwthemes.com/chester/portfolio938c.html]
[html.iwthemes.com/chester/portfolioa820.html]
[html.iwthemes.com/chester/portfolio6788.html]
[html.iwthemes.com/chester/single_project0e99.html]
[html.iwthemes.com/chester/single_projectca00.html]
[html.iwthemes.com/chester/single_project2746.html]
[html.iwthemes.com/chester/single_projectaf91.html]
[html.iwthemes.com/chester/single_projectceb0.html]
[html.iwthemes.com/chester/single_project938c.html]
[html.iwthemes.com/chester/single_projecta820.html]
[html.iwthemes.com/chester/single_project6788.html]
[html.iwthemes.com/chester/blog0e99.html]
[html.iwthemes.com/chester/blogca00.html]
[html.iwthemes.com/chester/blog2746.html]
[html.iwthemes.com/chester/blogaf91.html]
[html.iwthemes.com/chester/blogceb0.html]
[html.iwthemes.com/chester/blog938c.html]
[html.iwthemes.com/chester/bloga820.html]
[html.iwthemes.com/chester/blog6788.html]
[html.iwthemes.com/chester/single_post0e99.html]
[html.iwthemes.com/chester/single_postca00.html]
[html.iwthemes.com/chester/single_post2746.html]
[html.iwthemes.com/chester/single_postaf91.html]
[html.iwthemes.com/chester/single_postceb0.html]
[html.iwthemes.com/chester/single_post938c.html]
[html.iwthemes.com/chester/single_posta820.html]
[html.iwthemes.com/chester/single_post6788.html]
[html.iwthemes.com/chester/promotions0e99.html]
[html.iwthemes.com/chester/promotionsca00.html]
[html.iwthemes.com/chester/promotions2746.html]
[html.iwthemes.com/chester/promotionsaf91.html]
[html.iwthemes.com/chester/promotionsceb0.html]
[html.iwthemes.com/chester/promotions938c.html]
[html.iwthemes.com/chester/promotionsa820.html]
[html.iwthemes.com/chester/promotions6788.html]
[html.iwthemes.com/chester/contact0e99.html]
[html.iwthemes.com/chester/contactca00.html]
[html.iwthemes.com/chester/contact2746.html]
[html.iwthemes.com/chester/contactaf91.html]
[html.iwthemes.com/chester/contactceb0.html]
[html.iwthemes.com/chester/contact938c.html]
[html.iwthemes.com/chester/contacta820.html]
[html.iwthemes.com/chester/contact6788.html]
[html.iwthemes.com/chester/img/glyphicons-halflings-white.html]
[html.iwthemes.com/chester/js/fancybox/js/fancybox/fancy_loading.html]
[html.iwthemes.com/chester/js/fancybox/js/fancybox/fancy_close.html]
[html.iwthemes.com/chester/js/fancybox/js/fancybox/fancy_title_over.html]
[html.iwthemes.com/chester/js/fancybox/js/fancybox/fancy_title_left.html]
[html.iwthemes.com/chester/js/fancybox/js/fancybox/fancy_title_main.html]
[html.iwthemes.com/chester/js/fancybox/js/fancybox/fancy_title_right.html]
[html.iwthemes.com/chester/js/fancybox/js/fancybox/fancy_nav_left.html]
[html.iwthemes.com/chester/js/fancybox/js/fancybox/fancy_nav_right.html]
[html.iwthemes.com/chester/js/fancybox/js/fancybox/fancy_shadow_n.html]
[html.iwthemes.com/chester/js/fancybox/js/fancybox/fancy_shadow_ne.html]
[html.iwthemes.com/chester/js/fancybox/js/fancybox/fancy_shadow_e.html]
[html.iwthemes.com/chester/js/fancybox/js/fancybox/fancy_shadow_se.html]
[html.iwthemes.com/chester/js/fancybox/js/fancybox/fancy_shadow_s.html]
[html.iwthemes.com/chester/js/fancybox/js/fancybox/fancy_shadow_sw.html]
[html.iwthemes.com/chester/js/fancybox/js/fancybox/fancy_shadow_w.html]
[html.iwthemes.com/chester/js/fancybox/js/fancybox/fancy_shadow_nw.html]
[html.iwthemes.com/chester/img/prev.html]
[html.iwthemes.com/chester/img/next.html]
[html.iwthemes.com/chester/img/slide/patterns/overlay1.html]
[html.iwthemes.com/chester/img/slide/patterns/overlay2.html]
[html.iwthemes.com/chester/img/slide/patterns/overlay3.html]
[html.iwthemes.com/chester/img/slide/patterns/overlay4.html]
[html.iwthemes.com/chester/img/slide/patterns/overlay5.html]
[html.iwthemes.com/chester/img/slide/patterns/overlay6.html]
[html.iwthemes.com/chester/img/slide/patterns/overlay7.html]
[html.iwthemes.com/chester/img/slide/patterns/overlay8.html]
[html.iwthemes.com/chester/img/slide/patterns/overlay9.html]
[html.iwthemes.com/chester/img/slide/patterns/overlay10.html]
[html.iwthemes.com/chester/css/font/fontawesome-webfont.svg]
[html.iwthemes.com/chester/css/carousel/grabbing.html]
